[mihirthakkar.ml/index.html]
[backblue.gif]
[fade.gif]
[index.html]
[mihirthakkar.ml/css/plugins.css]
[mihirthakkar.ml/css/stylem.css]
[stackpath.bootstrapcdn.com/font-awesome/4.7.0/css/font-awesome.min.css]
[mihirthakkar.ml/img/mlogo3.jpg]
[mihirthakkar.ml/img/logo/light.png]
[mihirthakkar.ml/cdn-cgi/l/email-protection.html]
[mihirthakkar.ml/img/mihircover13.jpg]
[mihirthakkar.ml/img/550x650.jpg]
[mihirthakkar.ml/img/2.jpg]
[mihirthakkar.ml/img/facebook.webp]
[mihirthakkar.ml/img/gmail.webp]
[mihirthakkar.ml/img/whatsapp.webp]
[mihirthakkar.ml/img/navigation.jpg]
[mihirthakkar.ml/img/linkedin.svg]
[mihirthakkar.ml/img/instagram.webp]
[mihirthakkar.ml/www.mihirthakkar.ml]
[mihirthakkar.ml/cdn-cgi/scripts/5c5dd728/cloudflare-static/email-decode.min.js]
[mihirthakkar.ml/js/jquery.js]
[mihirthakkar.ml/js/init.js]
[cdn.000webhost.com/000webhost/logo/footer-powered-by-000webhost-white2.png]
[mihirthakkar.ml/index.html]
[mihirthakkar.ml/css/font/xcon8158.eot]
[mihirthakkar.ml/css/font/xcon8158.woff2]
[mihirthakkar.ml/css/font/xcon8158.woff]
[mihirthakkar.ml/css/font/xcon8158.ttf]
[mihirthakkar.ml/css/font/xcon8158.svg]
[mihirthakkar.ml/css/ytp-regular.eot]
[mihirthakkar.ml/css/ytp-regular.ttf]
[mihirthakkar.ml/images/raster.png]
[mihirthakkar.ml/images/raster@2x.png]
[mihirthakkar.ml/images/raster_dot.png]
[mihirthakkar.ml/images/raster_dot@2x.png]
[mihirthakkar.ml/css/mCSB_buttons.png]
[mihirthakkar.ml/css/overlays/02.png]
[mihirthakkar.ml/css/plugins.css]
[mihirthakkar.ml/img/slider/6.jpg]
[mihirthakkar.ml/css/stylem.css]
[stackpath.bootstrapcdn.com/font-awesome/4.7.0/css/font-awesome.min.css]
[mihirthakkar.ml/img/logo/light.html]
[mihirthakkar.ml/cdn-cgi/l/email-protection.html]
[mihirthakkar.ml/img/2.html]
[mihirthakkar.ml/img/linkedin.svg]
[mihirthakkar.ml/www.mihirthakkar.html]
[mihirthakkar.ml/css/font/xcon8158.html]
[mihirthakkar.ml/css/font/xcon8158-2.html]
[mihirthakkar.ml/css/font/xcon8158-3.html]
[mihirthakkar.ml/css/font/xcon8158-4.html]
[mihirthakkar.ml/css/font/xcon8158-5.html]
[mihirthakkar.ml/css/ytp-regular.html]
[mihirthakkar.ml/css/ytp-regular-2.html]
[mihirthakkar.ml/images/raster.html]
[mihirthakkar.ml/images/raster@2x.html]
[mihirthakkar.ml/images/raster_dot.html]
[mihirthakkar.ml/images/raster_dot@2x.html]
[mihirthakkar.ml/css/mCSB_buttons.html]
[mihirthakkar.ml/css/overlays/02.html]
[mihirthakkar.ml/img/slider/6.html]
